STATUS: 500
RESPONSE: {
  status: 'error',
  error: {
    name: 'JsonWebTokenError',
    message: 'jwt malformed',
    statusCode: 500,
    status: 'error'
  },
  message: 'jwt malformed',
  stack: 'JsonWebTokenError: jwt malformed\n' +
    '    at module.exports [as verify] (D:\\tour_travel\\Marketing-Tour\\backend\\node_modules\\jsonwebtoken\\verify.js:70:17)\n' +
    '    at D:\\tour_travel\\Marketing-Tour\\backend\\src\\middlewares\\auth.js:22:25\n' +
    '    at D:\\tour_travel\\Marketing-Tour\\backend\\src\\utils\\catchAsync.js:7:25\n' +
    '    at Layer.handle [as handle_request] (D:\\tour_travel\\Marketing-Tour\\backend\\node_modules\\express\\lib\\router\\layer.js:95:5)\n' +
    '    at trim_prefix (D:\\tour_travel\\Marketing-Tour\\backend\\node_modules\\express\\lib\\router\\index.js:328:13)\n' +
    '    at D:\\tour_travel\\Marketing-Tour\\backend\\node_modules\\express\\lib\\router\\index.js:286:9\n' +
    '    at router.process_params (D:\\tour_travel\\Marketing-Tour\\backend\\node_modules\\express\\lib\\router\\index.js:346:12)\n' +
    '    at next (D:\\tour_travel\\Marketing-Tour\\backend\\node_modules\\express\\lib\\router\\index.js:280:10)\n' +
    '    at router.handle (D:\\tour_travel\\Marketing-Tour\\backend\\node_modules\\express\\lib\\router\\index.js:175:3)\n' +
    '    at router (D:\\tour_travel\\Marketing-Tour\\backend\\node_modules\\express\\lib\\router\\index.js:47:12)'
}
